2026/09/02 14:08:55 [notice] 1#1: using the "epoll" event method
2026/09/02 14:08:55 [notice] 1#1: nginx/1.28.2
2026/09/02 14:08:55 [notice] 1#1: built by gcc 14.2.0 (Debian 14.2.0-19) 
2026/09/02 14:08:55 [notice] 1#1: OS: Linux 7.0.0-30-generic
2026/09/02 14:08:55 [notice] 1#1: getrlimit(RLIMIT_NOFILE): 1024:524288
2026/09/02 14:08:55 [notice] 1#1: start worker processes
2026/09/02 14:08:55 [notice] 1#1: start worker process 20
2026/09/02 14:08:55 [notice] 1#1: start worker process 21
2026/09/02 14:08:55 [notice] 1#1: start worker process 22
2026/09/02 14:08:55 [notice] 1#1: start worker process 23
2026/09/02 14:08:55 [notice] 1#1: start worker process 24
2026/09/02 14:08:55 [notice] 1#1: start worker process 25
2026/09/02 14:08:55 [notice] 1#1: start worker process 26
2026/09/02 14:08:55 [notice] 1#1: start worker process 27
2026/09/02 14:08:55 [notice] 1#1: start worker process 28
2026/09/02 14:08:55 [notice] 1#1: start worker process 29
2026/09/02 14:08:55 [notice] 1#1: start worker process 30
2026/09/02 14:08:55 [notice] 1#1: start worker process 31
2026/09/02 14:08:55 [notice] 1#1: start worker process 32
2026/09/02 14:08:55 [notice] 1#1: start worker process 33
2026/09/02 14:08:55 [notice] 1#1: start worker process 34
2026/09/02 14:08:55 [notice] 1#1: start worker process 35
2026/09/02 14:08:55 [notice] 1#1: start worker process 36
2026/09/02 14:08:55 [notice] 1#1: start worker process 37
2026/09/02 14:08:55 [notice] 1#1: start worker process 38
2026/09/02 14:08:55 [notice] 1#1: start worker process 39
2026/09/02 14:09:33 [notice] 1#1: signal 3 (SIGQUIT) received, shutting down
2026/09/02 14:09:33 [notice] 20#20: gracefully shutting down
2026/09/02 14:09:33 [notice] 21#21: gracefully shutting down
2026/09/02 14:09:33 [notice] 24#24: gracefully shutting down
2026/09/02 14:09:33 [notice] 20#20: exiting
2026/09/02 14:09:33 [notice] 26#26: gracefully shutting down
2026/09/02 14:09:33 [notice] 25#25: gracefully shutting down
2026/09/02 14:09:33 [notice] 21#21: exiting
2026/09/02 14:09:33 [notice] 24#24: exiting
2026/09/02 14:09:33 [notice] 29#29: gracefully shutting down
2026/09/02 14:09:33 [notice] 26#26: exiting
2026/09/02 14:09:33 [notice] 30#30: gracefully shutting down
2026/09/02 14:09:33 [notice] 22#22: gracefully shutting down
2026/09/02 14:09:33 [notice] 31#31: gracefully shutting down
2026/09/02 14:09:33 [notice] 20#20: exit
2026/09/02 14:09:33 [notice] 25#25: exiting
2026/09/02 14:09:33 [notice] 33#33: gracefully shutting down
2026/09/02 14:09:33 [notice] 32#32: gracefully shutting down
2026/09/02 14:09:33 [notice] 23#23: gracefully shutting down
2026/09/02 14:09:33 [notice] 35#35: gracefully shutting down
2026/09/02 14:09:33 [notice] 29#29: exiting
2026/09/02 14:09:33 [notice] 24#24: exit
2026/09/02 14:09:33 [notice] 21#21: exit
2026/09/02 14:09:33 [notice] 27#27: gracefully shutting down
2026/09/02 14:09:33 [notice] 30#30: exiting
2026/09/02 14:09:33 [notice] 26#26: exit
2026/09/02 14:09:33 [notice] 34#34: gracefully shutting down
2026/09/02 14:09:33 [notice] 22#22: exiting
2026/09/02 14:09:33 [notice] 31#31: exiting
2026/09/02 14:09:33 [notice] 33#33: exiting
2026/09/02 14:09:33 [notice] 32#32: exiting
2026/09/02 14:09:33 [notice] 23#23: exiting
2026/09/02 14:09:33 [notice] 25#25: exit
2026/09/02 14:09:33 [notice] 35#35: exiting
2026/09/02 14:09:33 [notice] 27#27: exiting
2026/09/02 14:09:33 [notice] 29#29: exit
2026/09/02 14:09:33 [notice] 34#34: exiting
2026/09/02 14:09:33 [notice] 30#30: exit
2026/09/02 14:09:33 [notice] 31#31: exit
2026/09/02 14:09:33 [notice] 23#23: exit
2026/09/02 14:09:33 [notice] 35#35: exit
2026/09/02 14:09:33 [notice] 32#32: exit
2026/09/02 14:09:33 [notice] 27#27: exit
2026/09/02 14:09:33 [notice] 22#22: exit
2026/09/02 14:09:33 [notice] 33#33: exit
2026/09/02 14:09:33 [notice] 34#34: exit
2026/09/02 14:09:33 [notice] 28#28: gracefully shutting down
2026/09/02 14:09:33 [notice] 28#28: exiting
2026/09/02 14:09:33 [notice] 28#28: exit
2026/09/02 14:09:33 [notice] 36#36: gracefully shutting down
2026/09/02 14:09:33 [notice] 36#36: exiting
2026/09/02 14:09:33 [notice] 37#37: gracefully shutting down
2026/09/02 14:09:33 [notice] 39#39: gracefully shutting down
2026/09/02 14:09:33 [notice] 36#36: exit
2026/09/02 14:09:33 [notice] 38#38: gracefully shutting down
2026/09/02 14:09:33 [notice] 39#39: exiting
2026/09/02 14:09:33 [notice] 37#37: exiting
2026/09/02 14:09:33 [notice] 38#38: exiting
2026/09/02 14:09:33 [notice] 39#39: exit
2026/09/02 14:09:33 [notice] 38#38: exit
2026/09/02 14:09:33 [notice] 37#37: exit
2026/09/02 14:09:33 [notice] 1#1: signal 17 (SIGCHLD) received from 37
2026/09/02 14:09:33 [notice] 1#1: worker process 37 exited with code 0
2026/09/02 14:09:33 [notice] 1#1: signal 29 (SIGIO) received
2026/09/02 14:09:33 [notice] 1#1: signal 17 (SIGCHLD) received from 31
2026/09/02 14:09:33 [notice] 1#1: worker process 20 exited with code 0
2026/09/02 14:09:33 [notice] 1#1: worker process 29 exited with code 0
2026/09/02 14:09:33 [notice] 1#1: worker process 31 exited with code 0
2026/09/02 14:09:33 [notice] 1#1: worker process 32 exited with code 0
2026/09/02 14:09:33 [notice] 1#1: signal 29 (SIGIO) received
2026/09/02 14:09:33 [notice] 1#1: signal 17 (SIGCHLD) received from 29
2026/09/02 14:09:33 [notice] 1#1: signal 17 (SIGCHLD) received from 28
2026/09/02 14:09:33 [notice] 1#1: worker process 28 exited with code 0
2026/09/02 14:09:33 [notice] 1#1: signal 29 (SIGIO) received
2026/09/02 14:09:33 [notice] 1#1: signal 17 (SIGCHLD) received from 38
2026/09/02 14:09:33 [notice] 1#1: worker process 38 exited with code 0
2026/09/02 14:09:33 [notice] 1#1: signal 29 (SIGIO) received
2026/09/02 14:09:33 [notice] 1#1: signal 17 (SIGCHLD) received from 33
2026/09/02 14:09:33 [notice] 1#1: worker process 33 exited with code 0
2026/09/02 14:09:33 [notice] 1#1: signal 29 (SIGIO) received
2026/09/02 14:09:33 [notice] 1#1: signal 17 (SIGCHLD) received from 21
2026/09/02 14:09:33 [notice] 1#1: worker process 21 exited with code 0
2026/09/02 14:09:33 [notice] 1#1: signal 29 (SIGIO) received
2026/09/02 14:09:33 [notice] 1#1: signal 17 (SIGCHLD) received from 23
2026/09/02 14:09:33 [notice] 1#1: worker process 23 exited with code 0
2026/09/02 14:09:33 [notice] 1#1: signal 29 (SIGIO) received
2026/09/02 14:09:33 [notice] 1#1: signal 17 (SIGCHLD) received from 30
2026/09/02 14:09:33 [notice] 1#1: worker process 30 exited with code 0
2026/09/02 14:09:33 [notice] 1#1: signal 29 (SIGIO) received
2026/09/02 14:09:33 [notice] 1#1: signal 17 (SIGCHLD) received from 22
2026/09/02 14:09:33 [notice] 1#1: worker process 22 exited with code 0
2026/09/02 14:09:33 [notice] 1#1: signal 29 (SIGIO) received
2026/09/02 14:09:33 [notice] 1#1: signal 17 (SIGCHLD) received from 24
2026/09/02 14:09:33 [notice] 1#1: worker process 24 exited with code 0
2026/09/02 14:09:33 [notice] 1#1: worker process 25 exited with code 0
2026/09/02 14:09:33 [notice] 1#1: signal 29 (SIGIO) received
2026/09/02 14:09:33 [notice] 1#1: signal 17 (SIGCHLD) received from 35
2026/09/02 14:09:33 [notice] 1#1: worker process 35 exited with code 0
2026/09/02 14:09:33 [notice] 1#1: signal 29 (SIGIO) received
2026/09/02 14:09:33 [notice] 1#1: signal 17 (SIGCHLD) received from 39
2026/09/02 14:09:33 [notice] 1#1: worker process 39 exited with code 0
2026/09/02 14:09:33 [notice] 1#1: signal 29 (SIGIO) received
2026/09/02 14:09:33 [notice] 1#1: signal 17 (SIGCHLD) received from 26
2026/09/02 14:09:33 [notice] 1#1: worker process 26 exited with code 0
2026/09/02 14:09:33 [notice] 1#1: signal 29 (SIGIO) received
2026/09/02 14:09:33 [notice] 1#1: signal 17 (SIGCHLD) received from 36
2026/09/02 14:09:33 [notice] 1#1: worker process 36 exited with code 0
2026/09/02 14:09:33 [notice] 1#1: worker process 27 exited with code 0
2026/09/02 14:09:33 [notice] 1#1: signal 29 (SIGIO) received
2026/09/02 14:09:33 [notice] 1#1: signal 17 (SIGCHLD) received from 27
2026/09/02 14:09:33 [notice] 1#1: signal 17 (SIGCHLD) received from 34
2026/09/02 14:09:33 [notice] 1#1: worker process 34 exited with code 0
2026/09/02 14:09:33 [notice] 1#1: exit
2026/09/02 14:09:56 [notice] 1#1: using the "epoll" event method
2026/09/02 14:09:56 [notice] 1#1: nginx/1.28.2
2026/09/02 14:09:56 [notice] 1#1: built by gcc 14.2.0 (Debian 14.2.0-19) 
2026/09/02 14:09:56 [notice] 1#1: OS: Linux 7.0.0-30-generic
2026/09/02 14:09:56 [notice] 1#1: getrlimit(RLIMIT_NOFILE): 1024:524288
2026/09/02 14:09:56 [notice] 1#1: start worker processes
2026/09/02 14:09:56 [notice] 1#1: start worker process 20
2026/09/02 14:09:56 [notice] 1#1: start worker process 21
2026/09/02 14:09:56 [notice] 1#1: start worker process 22
2026/09/02 14:09:56 [notice] 1#1: start worker process 23
2026/09/02 14:09:56 [notice] 1#1: start worker process 24
2026/09/02 14:09:56 [notice] 1#1: start worker process 25
2026/09/02 14:09:56 [notice] 1#1: start worker process 26
2026/09/02 14:09:56 [notice] 1#1: start worker process 27
2026/09/02 14:09:56 [notice] 1#1: start worker process 28
2026/09/02 14:09:56 [notice] 1#1: start worker process 29
2026/09/02 14:09:56 [notice] 1#1: start worker process 30
2026/09/02 14:09:56 [notice] 1#1: start worker process 31
2026/09/02 14:09:56 [notice] 1#1: start worker process 32
2026/09/02 14:09:56 [notice] 1#1: start worker process 33
2026/09/02 14:09:56 [notice] 1#1: start worker process 34
2026/09/02 14:09:56 [notice] 1#1: start worker process 35
2026/09/02 14:09:56 [notice] 1#1: start worker process 36
2026/09/02 14:09:56 [notice] 1#1: start worker process 37
2026/09/02 14:09:56 [notice] 1#1: start worker process 38
2026/09/02 14:09:56 [notice] 1#1: start worker process 39
2026/09/02 14:14:57 [notice] 1#1: signal 3 (SIGQUIT) received, shutting down
2026/09/02 14:14:57 [notice] 20#20: gracefully shutting down
2026/09/02 14:14:57 [notice] 21#21: gracefully shutting down
2026/09/02 14:14:57 [notice] 22#22: gracefully shutting down
2026/09/02 14:14:57 [notice] 23#23: gracefully shutting down
2026/09/02 14:14:57 [notice] 24#24: gracefully shutting down
2026/09/02 14:14:57 [notice] 20#20: exiting
2026/09/02 14:14:57 [notice] 25#25: gracefully shutting down
2026/09/02 14:14:57 [notice] 21#21: exiting
2026/09/02 14:14:57 [notice] 22#22: exiting
2026/09/02 14:14:57 [notice] 23#23: exiting
2026/09/02 14:14:57 [notice] 26#26: gracefully shutting down
2026/09/02 14:14:57 [notice] 27#27: gracefully shutting down
2026/09/02 14:14:57 [notice] 29#29: gracefully shutting down
2026/09/02 14:14:57 [notice] 24#24: exiting
2026/09/02 14:14:57 [notice] 28#28: gracefully shutting down
2026/09/02 14:14:57 [notice] 25#25: exiting
2026/09/02 14:14:57 [notice] 30#30: gracefully shutting down
2026/09/02 14:14:57 [notice] 31#31: gracefully shutting down
2026/09/02 14:14:57 [notice] 26#26: exiting
2026/09/02 14:14:57 [notice] 32#32: gracefully shutting down
2026/09/02 14:14:57 [notice] 27#27: exiting
2026/09/02 14:14:57 [notice] 29#29: exiting
2026/09/02 14:14:57 [notice] 22#22: exit
2026/09/02 14:14:57 [notice] 36#36: gracefully shutting down
2026/09/02 14:14:57 [notice] 23#23: exit
2026/09/02 14:14:57 [notice] 21#21: exit
2026/09/02 14:14:57 [notice] 20#20: exit
2026/09/02 14:14:57 [notice] 28#28: exiting
2026/09/02 14:14:57 [notice] 35#35: gracefully shutting down
2026/09/02 14:14:57 [notice] 30#30: exiting
2026/09/02 14:14:57 [notice] 31#31: exiting
2026/09/02 14:14:57 [notice] 24#24: exit
2026/09/02 14:14:57 [notice] 32#32: exiting
2026/09/02 14:14:57 [notice] 25#25: exit
2026/09/02 14:14:57 [notice] 38#38: gracefully shutting down
2026/09/02 14:14:57 [notice] 33#33: gracefully shutting down
2026/09/02 14:14:57 [notice] 36#36: exiting
2026/09/02 14:14:57 [notice] 26#26: exit
2026/09/02 14:14:57 [notice] 35#35: exiting
2026/09/02 14:14:57 [notice] 27#27: exit
2026/09/02 14:14:57 [notice] 29#29: exit
2026/09/02 14:14:57 [notice] 28#28: exit
2026/09/02 14:14:57 [notice] 38#38: exiting
2026/09/02 14:14:57 [notice] 33#33: exiting
2026/09/02 14:14:57 [notice] 36#36: exit
2026/09/02 14:14:57 [notice] 35#35: exit
2026/09/02 14:14:57 [notice] 31#31: exit
2026/09/02 14:14:57 [notice] 30#30: exit
2026/09/02 14:14:57 [notice] 32#32: exit
2026/09/02 14:14:57 [notice] 33#33: exit
2026/09/02 14:14:57 [notice] 38#38: exit
2026/09/02 14:14:57 [notice] 34#34: gracefully shutting down
2026/09/02 14:14:57 [notice] 34#34: exiting
2026/09/02 14:14:57 [notice] 34#34: exit
2026/09/02 14:14:57 [notice] 39#39: gracefully shutting down
2026/09/02 14:14:57 [notice] 39#39: exiting
2026/09/02 14:14:57 [notice] 39#39: exit
2026/09/02 14:14:57 [notice] 37#37: gracefully shutting down
2026/09/02 14:14:57 [notice] 37#37: exiting
2026/09/02 14:14:57 [notice] 37#37: exit
2026/09/02 14:14:57 [notice] 1#1: signal 17 (SIGCHLD) received from 25
2026/09/02 14:14:57 [notice] 1#1: worker process 20 exited with code 0
2026/09/02 14:14:57 [notice] 1#1: worker process 25 exited with code 0
2026/09/02 14:14:57 [notice] 1#1: worker process 30 exited with code 0
2026/09/02 14:14:57 [notice] 1#1: signal 29 (SIGIO) received
2026/09/02 14:14:57 [notice] 1#1: signal 17 (SIGCHLD) received from 20
2026/09/02 14:14:57 [notice] 1#1: worker process 21 exited with code 0
2026/09/02 14:14:57 [notice] 1#1: signal 29 (SIGIO) received
2026/09/02 14:14:57 [notice] 1#1: signal 17 (SIGCHLD) received from 31
2026/09/02 14:14:57 [notice] 1#1: worker process 31 exited with code 0
2026/09/02 14:14:57 [notice] 1#1: signal 29 (SIGIO) received
2026/09/02 14:14:57 [notice] 1#1: signal 17 (SIGCHLD) received from 27
2026/09/02 14:14:57 [notice] 1#1: worker process 27 exited with code 0
2026/09/02 14:14:57 [notice] 1#1: signal 29 (SIGIO) received
2026/09/02 14:14:57 [notice] 1#1: signal 17 (SIGCHLD) received from 34
2026/09/02 14:14:57 [notice] 1#1: worker process 34 exited with code 0
2026/09/02 14:14:57 [notice] 1#1: signal 29 (SIGIO) received
2026/09/02 14:14:57 [notice] 1#1: signal 17 (SIGCHLD) received from 32
2026/09/02 14:14:57 [notice] 1#1: worker process 22 exited with code 0
2026/09/02 14:14:57 [notice] 1#1: worker process 23 exited with code 0
2026/09/02 14:14:57 [notice] 1#1: worker process 26 exited with code 0
2026/09/02 14:14:57 [notice] 1#1: worker process 32 exited with code 0
2026/09/02 14:14:57 [notice] 1#1: worker process 37 exited with code 0
2026/09/02 14:14:57 [notice] 1#1: signal 29 (SIGIO) received
2026/09/02 14:14:57 [notice] 1#1: signal 17 (SIGCHLD) received from 26
2026/09/02 14:14:57 [notice] 1#1: signal 17 (SIGCHLD) received from 29
2026/09/02 14:14:57 [notice] 1#1: worker process 29 exited with code 0
2026/09/02 14:14:57 [notice] 1#1: worker process 35 exited with code 0
2026/09/02 14:14:57 [notice] 1#1: worker process 38 exited with code 0
2026/09/02 14:14:57 [notice] 1#1: signal 29 (SIGIO) received
2026/09/02 14:14:57 [notice] 1#1: signal 17 (SIGCHLD) received from 35
2026/09/02 14:14:57 [notice] 1#1: signal 17 (SIGCHLD) received from 28
2026/09/02 14:14:57 [notice] 1#1: worker process 28 exited with code 0
2026/09/02 14:14:57 [notice] 1#1: worker process 24 exited with code 0
2026/09/02 14:14:57 [notice] 1#1: worker process 33 exited with code 0
2026/09/02 14:14:57 [notice] 1#1: worker process 39 exited with code 0
2026/09/02 14:14:57 [notice] 1#1: signal 29 (SIGIO) received
2026/09/02 14:14:57 [notice] 1#1: signal 17 (SIGCHLD) received from 33
2026/09/02 14:14:57 [notice] 1#1: signal 17 (SIGCHLD) received from 36
2026/09/02 14:14:57 [notice] 1#1: worker process 36 exited with code 0
2026/09/02 14:14:57 [notice] 1#1: exit
2026/09/02 14:16:01 [notice] 1#1: using the "epoll" event method
2026/09/02 14:16:01 [notice] 1#1: nginx/1.28.2
2026/09/02 14:16:01 [notice] 1#1: built by gcc 14.2.0 (Debian 14.2.0-19) 
2026/09/02 14:16:01 [notice] 1#1: OS: Linux 7.0.0-30-generic
2026/09/02 14:16:01 [notice] 1#1: getrlimit(RLIMIT_NOFILE): 1024:524288
2026/09/02 14:16:01 [notice] 1#1: start worker processes
2026/09/02 14:16:01 [notice] 1#1: start worker process 20
2026/09/02 14:16:01 [notice] 1#1: start worker process 21
2026/09/02 14:16:01 [notice] 1#1: start worker process 22
2026/09/02 14:16:01 [notice] 1#1: start worker process 23
2026/09/02 14:16:01 [notice] 1#1: start worker process 24
2026/09/02 14:16:01 [notice] 1#1: start worker process 25
2026/09/02 14:16:01 [notice] 1#1: start worker process 26
2026/09/02 14:16:01 [notice] 1#1: start worker process 27
2026/09/02 14:16:01 [notice] 1#1: start worker process 28
2026/09/02 14:16:01 [notice] 1#1: start worker process 29
2026/09/02 14:16:01 [notice] 1#1: start worker process 30
2026/09/02 14:16:01 [notice] 1#1: start worker process 31
2026/09/02 14:16:01 [notice] 1#1: start worker process 32
2026/09/02 14:16:01 [notice] 1#1: start worker process 33
2026/09/02 14:16:01 [notice] 1#1: start worker process 34
2026/09/02 14:16:01 [notice] 1#1: start worker process 35
2026/09/02 14:16:01 [notice] 1#1: start worker process 36
2026/09/02 14:16:01 [notice] 1#1: start worker process 37
2026/09/02 14:16:01 [notice] 1#1: start worker process 38
2026/09/02 14:16:01 [notice] 1#1: start worker process 39
2026/09/02 14:19:20 [notice] 1#1: signal 3 (SIGQUIT) received, shutting down
2026/09/02 14:19:20 [notice] 20#20: gracefully shutting down
2026/09/02 14:19:20 [notice] 21#21: gracefully shutting down
2026/09/02 14:19:20 [notice] 22#22: gracefully shutting down
2026/09/02 14:19:20 [notice] 20#20: exiting
2026/09/02 14:19:20 [notice] 25#25: gracefully shutting down
2026/09/02 14:19:20 [notice] 21#21: exiting
2026/09/02 14:19:20 [notice] 26#26: gracefully shutting down
2026/09/02 14:19:20 [notice] 22#22: exiting
2026/09/02 14:19:20 [notice] 23#23: gracefully shutting down
2026/09/02 14:19:20 [notice] 24#24: gracefully shutting down
2026/09/02 14:19:20 [notice] 29#29: gracefully shutting down
2026/09/02 14:19:20 [notice] 31#31: gracefully shutting down
2026/09/02 14:19:20 [notice] 25#25: exiting
2026/09/02 14:19:20 [notice] 26#26: exiting
2026/09/02 14:19:20 [notice] 20#20: exit
2026/09/02 14:19:20 [notice] 30#30: gracefully shutting down
2026/09/02 14:19:20 [notice] 23#23: exiting
2026/09/02 14:19:20 [notice] 27#27: gracefully shutting down
2026/09/02 14:19:20 [notice] 34#34: gracefully shutting down
2026/09/02 14:19:20 [notice] 35#35: gracefully shutting down
2026/09/02 14:19:20 [notice] 33#33: gracefully shutting down
2026/09/02 14:19:20 [notice] 21#21: exit
2026/09/02 14:19:20 [notice] 24#24: exiting
2026/09/02 14:19:20 [notice] 32#32: gracefully shutting down
2026/09/02 14:19:20 [notice] 22#22: exit
2026/09/02 14:19:20 [notice] 29#29: exiting
2026/09/02 14:19:20 [notice] 28#28: gracefully shutting down
2026/09/02 14:19:20 [notice] 31#31: exiting
2026/09/02 14:19:20 [notice] 36#36: gracefully shutting down
2026/09/02 14:19:20 [notice] 37#37: gracefully shutting down
2026/09/02 14:19:20 [notice] 30#30: exiting
2026/09/02 14:19:20 [notice] 36#36: exiting
2026/09/02 14:19:20 [notice] 27#27: exiting
2026/09/02 14:19:20 [notice] 37#37: exiting
2026/09/02 14:19:20 [notice] 29#29: exit
2026/09/02 14:19:20 [notice] 24#24: exit
2026/09/02 14:19:20 [notice] 34#34: exiting
2026/09/02 14:19:20 [notice] 31#31: exit
2026/09/02 14:19:20 [notice] 26#26: exit
2026/09/02 14:19:20 [notice] 35#35: exiting
2026/09/02 14:19:20 [notice] 36#36: exit
2026/09/02 14:19:20 [notice] 27#27: exit
2026/09/02 14:19:20 [notice] 30#30: exit
2026/09/02 14:19:20 [notice] 23#23: exit
2026/09/02 14:19:20 [notice] 37#37: exit
2026/09/02 14:19:20 [notice] 33#33: exiting
2026/09/02 14:19:20 [notice] 32#32: exiting
2026/09/02 14:19:20 [notice] 28#28: exiting
2026/09/02 14:19:20 [notice] 34#34: exit
2026/09/02 14:19:20 [notice] 35#35: exit
2026/09/02 14:19:20 [notice] 33#33: exit
2026/09/02 14:19:20 [notice] 32#32: exit
2026/09/02 14:19:20 [notice] 25#25: exit
2026/09/02 14:19:20 [notice] 28#28: exit
2026/09/02 14:19:20 [notice] 38#38: gracefully shutting down
2026/09/02 14:19:20 [notice] 38#38: exiting
2026/09/02 14:19:20 [notice] 38#38: exit
2026/09/02 14:19:20 [notice] 39#39: gracefully shutting down
2026/09/02 14:19:20 [notice] 39#39: exiting
2026/09/02 14:19:20 [notice] 39#39: exit
2026/09/02 14:19:20 [notice] 1#1: signal 17 (SIGCHLD) received from 31
2026/09/02 14:19:20 [notice] 1#1: worker process 24 exited with code 0
2026/09/02 14:19:20 [notice] 1#1: worker process 20 exited with code 0
2026/09/02 14:19:20 [notice] 1#1: worker process 25 exited with code 0
2026/09/02 14:19:20 [notice] 1#1: worker process 26 exited with code 0
2026/09/02 14:19:20 [notice] 1#1: worker process 31 exited with code 0
2026/09/02 14:19:20 [notice] 1#1: signal 29 (SIGIO) received
2026/09/02 14:19:20 [notice] 1#1: signal 17 (SIGCHLD) received from 25
2026/09/02 14:19:20 [notice] 1#1: signal 17 (SIGCHLD) received from 33
2026/09/02 14:19:20 [notice] 1#1: worker process 27 exited with code 0
2026/09/02 14:19:20 [notice] 1#1: worker process 33 exited with code 0
2026/09/02 14:19:20 [notice] 1#1: signal 29 (SIGIO) received
2026/09/02 14:19:20 [notice] 1#1: signal 17 (SIGCHLD) received from 30
2026/09/02 14:19:20 [notice] 1#1: worker process 30 exited with code 0
2026/09/02 14:19:20 [notice] 1#1: worker process 35 exited with code 0
2026/09/02 14:19:20 [notice] 1#1: signal 29 (SIGIO) received
2026/09/02 14:19:20 [notice] 1#1: signal 17 (SIGCHLD) received from 36
2026/09/02 14:19:20 [notice] 1#1: worker process 36 exited with code 0
2026/09/02 14:19:20 [notice] 1#1: worker process 29 exited with code 0
2026/09/02 14:19:20 [notice] 1#1: worker process 34 exited with code 0
2026/09/02 14:19:20 [notice] 1#1: signal 29 (SIGIO) received
2026/09/02 14:19:20 [notice] 1#1: signal 17 (SIGCHLD) received from 29
2026/09/02 14:19:20 [notice] 1#1: signal 17 (SIGCHLD) received from 37
2026/09/02 14:19:20 [notice] 1#1: worker process 37 exited with code 0
2026/09/02 14:19:20 [notice] 1#1: worker process 38 exited with code 0
2026/09/02 14:19:20 [notice] 1#1: signal 29 (SIGIO) received
2026/09/02 14:19:20 [notice] 1#1: signal 17 (SIGCHLD) received from 39
2026/09/02 14:19:20 [notice] 1#1: worker process 39 exited with code 0
2026/09/02 14:19:20 [notice] 1#1: signal 29 (SIGIO) received
2026/09/02 14:19:20 [notice] 1#1: signal 17 (SIGCHLD) received from 28
2026/09/02 14:19:20 [notice] 1#1: worker process 28 exited with code 0
2026/09/02 14:19:20 [notice] 1#1: signal 29 (SIGIO) received
2026/09/02 14:19:20 [notice] 1#1: signal 17 (SIGCHLD) received from 21
2026/09/02 14:19:20 [notice] 1#1: worker process 21 exited with code 0
2026/09/02 14:19:20 [notice] 1#1: signal 29 (SIGIO) received
2026/09/02 14:19:20 [notice] 1#1: signal 17 (SIGCHLD) received from 22
2026/09/02 14:19:20 [notice] 1#1: worker process 22 exited with code 0
2026/09/02 14:19:20 [notice] 1#1: signal 29 (SIGIO) received
2026/09/02 14:19:20 [notice] 1#1: signal 17 (SIGCHLD) received from 23
2026/09/02 14:19:20 [notice] 1#1: worker process 23 exited with code 0
2026/09/02 14:19:20 [notice] 1#1: signal 29 (SIGIO) received
2026/09/02 14:19:20 [notice] 1#1: signal 17 (SIGCHLD) received from 32
2026/09/02 14:19:20 [notice] 1#1: worker process 32 exited with code 0
2026/09/02 14:19:20 [notice] 1#1: exit
2026/09/02 14:19:36 [notice] 1#1: using the "epoll" event method
2026/09/02 14:19:36 [notice] 1#1: nginx/1.28.2
2026/09/02 14:19:36 [notice] 1#1: built by gcc 14.2.0 (Debian 14.2.0-19) 
2026/09/02 14:19:36 [notice] 1#1: OS: Linux 7.0.0-30-generic
2026/09/02 14:19:36 [notice] 1#1: getrlimit(RLIMIT_NOFILE): 1024:524288
2026/09/02 14:19:36 [notice] 1#1: start worker processes
2026/09/02 14:19:36 [notice] 1#1: start worker process 20
2026/09/02 14:19:36 [notice] 1#1: start worker process 21
2026/09/02 14:19:36 [notice] 1#1: start worker process 22
2026/09/02 14:19:36 [notice] 1#1: start worker process 23
2026/09/02 14:19:36 [notice] 1#1: start worker process 24
2026/09/02 14:19:36 [notice] 1#1: start worker process 25
2026/09/02 14:19:36 [notice] 1#1: start worker process 26
2026/09/02 14:19:36 [notice] 1#1: start worker process 27
2026/09/02 14:19:36 [notice] 1#1: start worker process 28
2026/09/02 14:19:36 [notice] 1#1: start worker process 29
2026/09/02 14:19:36 [notice] 1#1: start worker process 30
2026/09/02 14:19:36 [notice] 1#1: start worker process 31
2026/09/02 14:19:36 [notice] 1#1: start worker process 32
2026/09/02 14:19:36 [notice] 1#1: start worker process 33
2026/09/02 14:19:36 [notice] 1#1: start worker process 34
2026/09/02 14:19:36 [notice] 1#1: start worker process 35
2026/09/02 14:19:36 [notice] 1#1: start worker process 36
2026/09/02 14:19:36 [notice] 1#1: start worker process 37
2026/09/02 14:19:36 [notice] 1#1: start worker process 38
2026/09/02 14:19:36 [notice] 1#1: start worker process 39
2026/09/02 14:33:52 [notice] 1#1: signal 3 (SIGQUIT) received, shutting down
2026/09/02 14:33:52 [notice] 20#20: gracefully shutting down
2026/09/02 14:33:52 [notice] 21#21: gracefully shutting down
2026/09/02 14:33:52 [notice] 28#28: gracefully shutting down
2026/09/02 14:33:52 [notice] 22#22: gracefully shutting down
2026/09/02 14:33:52 [notice] 26#26: gracefully shutting down
2026/09/02 14:33:52 [notice] 23#23: gracefully shutting down
2026/09/02 14:33:52 [notice] 24#24: gracefully shutting down
2026/09/02 14:33:52 [notice] 25#25: gracefully shutting down
2026/09/02 14:33:52 [notice] 27#27: gracefully shutting down
2026/09/02 14:33:52 [notice] 29#29: gracefully shutting down
2026/09/02 14:33:52 [notice] 20#20: exiting
2026/09/02 14:33:52 [notice] 21#21: exiting
2026/09/02 14:33:52 [notice] 28#28: exiting
2026/09/02 14:33:52 [notice] 22#22: exiting
2026/09/02 14:33:52 [notice] 26#26: exiting
2026/09/02 14:33:52 [notice] 31#31: gracefully shutting down
2026/09/02 14:33:52 [notice] 30#30: gracefully shutting down
2026/09/02 14:33:52 [notice] 32#32: gracefully shutting down
2026/09/02 14:33:52 [notice] 23#23: exiting
2026/09/02 14:33:52 [notice] 24#24: exiting
2026/09/02 14:33:52 [notice] 34#34: gracefully shutting down
2026/09/02 14:33:52 [notice] 25#25: exiting
2026/09/02 14:33:52 [notice] 33#33: gracefully shutting down
2026/09/02 14:33:52 [notice] 27#27: exiting
2026/09/02 14:33:52 [notice] 30#30: exiting
2026/09/02 14:33:52 [notice] 29#29: exiting
2026/09/02 14:33:52 [notice] 31#31: exiting
2026/09/02 14:33:52 [notice] 35#35: gracefully shutting down
2026/09/02 14:33:52 [notice] 34#34: exiting
2026/09/02 14:33:52 [notice] 32#32: exiting
2026/09/02 14:33:52 [notice] 33#33: exiting
2026/09/02 14:33:52 [notice] 35#35: exiting
2026/09/02 14:33:52 [notice] 36#36: gracefully shutting down
2026/09/02 14:33:52 [notice] 26#26: exit
2026/09/02 14:33:52 [notice] 20#20: exit
2026/09/02 14:33:52 [notice] 24#24: exit
2026/09/02 14:33:52 [notice] 22#22: exit
2026/09/02 14:33:52 [notice] 21#21: exit
2026/09/02 14:33:52 [notice] 28#28: exit
2026/09/02 14:33:52 [notice] 23#23: exit
2026/09/02 14:33:52 [notice] 25#25: exit
2026/09/02 14:33:52 [notice] 29#29: exit
2026/09/02 14:33:52 [notice] 27#27: exit
2026/09/02 14:33:52 [notice] 31#31: exit
2026/09/02 14:33:52 [notice] 32#32: exit
2026/09/02 14:33:52 [notice] 34#34: exit
2026/09/02 14:33:52 [notice] 33#33: exit
2026/09/02 14:33:52 [notice] 30#30: exit
2026/09/02 14:33:52 [notice] 36#36: exiting
2026/09/02 14:33:52 [notice] 35#35: exit
2026/09/02 14:33:52 [notice] 37#37: gracefully shutting down
2026/09/02 14:33:52 [notice] 36#36: exit
2026/09/02 14:33:52 [notice] 37#37: exiting
2026/09/02 14:33:52 [notice] 37#37: exit
2026/09/02 14:33:52 [notice] 38#38: gracefully shutting down
2026/09/02 14:33:52 [notice] 38#38: exiting
2026/09/02 14:33:52 [notice] 38#38: exit
2026/09/02 14:33:52 [notice] 39#39: gracefully shutting down
2026/09/02 14:33:52 [notice] 39#39: exiting
2026/09/02 14:33:52 [notice] 39#39: exit
2026/09/02 14:33:52 [notice] 1#1: signal 17 (SIGCHLD) received from 35
2026/09/02 14:33:52 [notice] 1#1: worker process 35 exited with code 0
2026/09/02 14:33:52 [notice] 1#1: signal 29 (SIGIO) received
2026/09/02 14:33:52 [notice] 1#1: signal 17 (SIGCHLD) received from 32
2026/09/02 14:33:52 [notice] 1#1: worker process 32 exited with code 0
2026/09/02 14:33:52 [notice] 1#1: signal 29 (SIGIO) received
2026/09/02 14:33:52 [notice] 1#1: signal 17 (SIGCHLD) received from 34
2026/09/02 14:33:52 [notice] 1#1: worker process 34 exited with code 0
2026/09/02 14:33:52 [notice] 1#1: signal 29 (SIGIO) received
2026/09/02 14:33:52 [notice] 1#1: signal 17 (SIGCHLD) received from 28
2026/09/02 14:33:52 [notice] 1#1: worker process 28 exited with code 0
2026/09/02 14:33:52 [notice] 1#1: signal 29 (SIGIO) received
2026/09/02 14:33:52 [notice] 1#1: signal 17 (SIGCHLD) received from 26
2026/09/02 14:33:52 [notice] 1#1: worker process 26 exited with code 0
2026/09/02 14:33:52 [notice] 1#1: signal 29 (SIGIO) received
2026/09/02 14:33:52 [notice] 1#1: signal 17 (SIGCHLD) received from 23
2026/09/02 14:33:52 [notice] 1#1: worker process 20 exited with code 0
2026/09/02 14:33:52 [notice] 1#1: worker process 23 exited with code 0
2026/09/02 14:33:52 [notice] 1#1: worker process 24 exited with code 0
2026/09/02 14:33:52 [notice] 1#1: worker process 25 exited with code 0
2026/09/02 14:33:52 [notice] 1#1: worker process 21 exited with code 0
2026/09/02 14:33:52 [notice] 1#1: signal 29 (SIGIO) received
2026/09/02 14:33:52 [notice] 1#1: signal 17 (SIGCHLD) received from 20
2026/09/02 14:33:52 [notice] 1#1: worker process 22 exited with code 0
2026/09/02 14:33:52 [notice] 1#1: signal 29 (SIGIO) received
2026/09/02 14:33:52 [notice] 1#1: signal 17 (SIGCHLD) received from 37
2026/09/02 14:33:52 [notice] 1#1: worker process 37 exited with code 0
2026/09/02 14:33:52 [notice] 1#1: signal 29 (SIGIO) received
2026/09/02 14:33:52 [notice] 1#1: signal 17 (SIGCHLD) received from 31
2026/09/02 14:33:52 [notice] 1#1: worker process 31 exited with code 0
2026/09/02 14:33:52 [notice] 1#1: signal 29 (SIGIO) received
2026/09/02 14:33:52 [notice] 1#1: signal 17 (SIGCHLD) received from 30
2026/09/02 14:33:52 [notice] 1#1: worker process 30 exited with code 0
2026/09/02 14:33:52 [notice] 1#1: signal 29 (SIGIO) received
2026/09/02 14:33:52 [notice] 1#1: signal 17 (SIGCHLD) received from 36
2026/09/02 14:33:52 [notice] 1#1: worker process 36 exited with code 0
2026/09/02 14:33:52 [notice] 1#1: signal 29 (SIGIO) received
2026/09/02 14:33:52 [notice] 1#1: signal 17 (SIGCHLD) received from 38
2026/09/02 14:33:52 [notice] 1#1: worker process 38 exited with code 0
2026/09/02 14:33:52 [notice] 1#1: worker process 39 exited with code 0
2026/09/02 14:33:52 [notice] 1#1: signal 29 (SIGIO) received
2026/09/02 14:33:52 [notice] 1#1: signal 17 (SIGCHLD) received from 39
2026/09/02 14:33:52 [notice] 1#1: signal 17 (SIGCHLD) received from 33
2026/09/02 14:33:52 [notice] 1#1: worker process 33 exited with code 0
2026/09/02 14:33:52 [notice] 1#1: signal 29 (SIGIO) received
2026/09/02 14:33:52 [notice] 1#1: signal 17 (SIGCHLD) received from 29
2026/09/02 14:33:52 [notice] 1#1: worker process 29 exited with code 0
2026/09/02 14:33:52 [notice] 1#1: signal 17 (SIGCHLD) received from 27
2026/09/02 14:33:52 [notice] 1#1: worker process 27 exited with code 0
2026/09/02 14:33:52 [notice] 1#1: exit
2026/09/02 14:34:03 [notice] 1#1: using the "epoll" event method
2026/09/02 14:34:03 [notice] 1#1: nginx/1.28.2
2026/09/02 14:34:03 [notice] 1#1: built by gcc 14.2.0 (Debian 14.2.0-19) 
2026/09/02 14:34:03 [notice] 1#1: OS: Linux 7.0.0-30-generic
2026/09/02 14:34:03 [notice] 1#1: getrlimit(RLIMIT_NOFILE): 1024:524288
2026/09/02 14:34:03 [notice] 1#1: start worker processes
2026/09/02 14:34:03 [notice] 1#1: start worker process 20
2026/09/02 14:34:03 [notice] 1#1: start worker process 21
2026/09/02 14:34:03 [notice] 1#1: start worker process 22
2026/09/02 14:34:03 [notice] 1#1: start worker process 23
2026/09/02 14:34:03 [notice] 1#1: start worker process 24
2026/09/02 14:34:03 [notice] 1#1: start worker process 25
2026/09/02 14:34:03 [notice] 1#1: start worker process 26
2026/09/02 14:34:03 [notice] 1#1: start worker process 27
2026/09/02 14:34:03 [notice] 1#1: start worker process 28
2026/09/02 14:34:03 [notice] 1#1: start worker process 29
2026/09/02 14:34:03 [notice] 1#1: start worker process 30
2026/09/02 14:34:03 [notice] 1#1: start worker process 31
2026/09/02 14:34:03 [notice] 1#1: start worker process 32
2026/09/02 14:34:03 [notice] 1#1: start worker process 33
2026/09/02 14:34:03 [notice] 1#1: start worker process 34
2026/09/02 14:34:03 [notice] 1#1: start worker process 35
2026/09/02 14:34:03 [notice] 1#1: start worker process 36
2026/09/02 14:34:03 [notice] 1#1: start worker process 37
2026/09/02 14:34:03 [notice] 1#1: start worker process 38
2026/09/02 14:34:03 [notice] 1#1: start worker process 39
